../Core/Src/main.c:89:5:main	24	static
../Core/Src/main.c:148:6:SystemClock_Config	88	static
../Core/Src/main.c:195:13:MX_TIM3_Init	56	static
../Core/Src/main.c:244:13:MX_TIM5_Init	32	static
../Core/Src/main.c:289:13:MX_USART2_UART_Init	8	static
../Core/Src/main.c:322:13:MX_GPIO_Init	48	static
../Core/Src/main.c:352:6:HAL_TIM_PeriodElapsedCallback	24	static
../Core/Src/main.c:360:11:micros	12	static
../Core/Src/main.c:366:7:QEIEncoderPositionVelocity_Update	32	static
../Core/Src/main.c:397:6:Error_Handler	4	static,ignoring_inline_asm
