../Core/Src/main.c:108:5:main	40	static
../Core/Src/main.c:222:6:SystemClock_Config	88	static
../Core/Src/main.c:269:13:MX_TIM1_Init	96	static
../Core/Src/main.c:348:13:MX_TIM2_Init	56	static
../Core/Src/main.c:397:13:MX_TIM5_Init	32	static
../Core/Src/main.c:442:13:MX_USART2_UART_Init	8	static
../Core/Src/main.c:475:13:MX_GPIO_Init	48	static
../Core/Src/main.c:505:6:HAL_TIM_PeriodElapsedCallback	24	static
../Core/Src/main.c:513:11:micros	12	static
../Core/Src/main.c:519:7:QEIEncoderPositionVelocity_Update	32	static
../Core/Src/main.c:551:6:Error_Handler	4	static,ignoring_inline_asm
